// Jest Snapshot v1, https://goo.gl/fbAQLP

exports[`Button renders correctly 1`] = `
"<p className=\\"typography typography-light typography-medium\\">
  Typography
</p>"
`;
