// Jest Snapshot v1, https://goo.gl/fbAQLP

exports[`Link renders correctly 1`] = `
"<a className=\\"link link--notice-info\\" href=\\"https://bonjoursLesPixels.com\\" target=\\"_self\\" rel=\\"\\">
  Link
</a>"
`;
